// Jest Snapshot v1, https://goo.gl/fbAQLP

exports[`ExtensionConfirmModalComponent should snap with the extended students and instructors 1`] = `
<tm-extension-confirm-modal
  SortBy={[Function Object]}
  SortOrder={[Function Object]}
  __ngContext__={[Function Number]}
  activeModal={[Function NgbActiveModal]}
  confirmExtensionCallbackEvent={[Function EventEmitter_]}
  dateDetailPipe={[Function FormatDateDetailPipe]}
  extensionTimestamp={[Function Number]}
  feedbackSessionTimeZone={[Function String]}
  headerColorScheme={[Function Number]}
  instructorColumnsData={[Function Array]}
  instructorRoleNamePipe={[Function InstructorRoleNamePipe]}
  instructorRowsData={[Function Array]}
  isNotifyDeadlines="false"
  isSubmitting="false"
  modalType="0"
  selectedInstructors={[Function Array]}
  selectedStudents={[Function Array]}
  sortInstructorListEvent={[Function EventEmitter_]}
  sortInstructorOrder="0"
  sortInstructorsBy={[Function Number]}
  sortStudentListEvent={[Function EventEmitter_]}
  sortStudentOrder="0"
  sortStudentsBy={[Function Number]}
  studentColumnsData={[Function Array]}
  studentRowsData={[Function Array]}
  tableComparatorService={[Function TableComparatorService]}
  timeZoneService={[Function TimezoneService]}
>
  <fieldset>
    <div
      class="modal-header alert-primary"
    >
      <h5
        class="modal-title"
      >
        Confirm extension of feedback session
      </h5>
      <button
        class="btn-close"
        type="button"
      />
    </div>
    <div
      class="modal-body"
    >
      <div>
         The new deadline of 
        <b>
          5 Apr 2000 2:00:00
        </b>
         will be applied to the following 
        <b>
          3
        </b>
         student(s) and 
        <b>
          0
        </b>
         instructor(s): 
      </div>
      <div>
        <h1>
          Students
        </h1>
        <tm-sortable-table>
          <table
            class="table table-bordered table-striped"
          >
            <thead>
              <tr>
                <th
                  aria-sort="none"
                  class="student-sort-by-section sortable-header"
                  style="text-align: start;"
                >
                  <button
                    class="d-lg-flex align-items-center gap-lg-1 d-inline"
                  >
                    <span
                      container="body"
                    >
                      Section
                    </span>
                    <span
                      aria-hidden="true"
                      class="fa-stack"
                    >
                      <i
                        class="fas fa-sort"
                      />
                    </span>
                  </button>
                </th>
                <th
                  aria-sort="none"
                  class="student-sort-by-team sortable-header"
                  style="text-align: start;"
                >
                  <button
                    class="d-lg-flex align-items-center gap-lg-1 d-inline"
                  >
                    <span
                      container="body"
                    >
                      Team
                    </span>
                    <span
                      aria-hidden="true"
                      class="fa-stack"
                    >
                      <i
                        class="fas fa-sort"
                      />
                    </span>
                  </button>
                </th>
                <th
                  aria-sort="none"
                  class="student-sort-by-name sortable-header"
                  style="text-align: start;"
                >
                  <button
                    class="d-lg-flex align-items-center gap-lg-1 d-inline"
                  >
                    <span
                      container="body"
                    >
                      Name
                    </span>
                    <span
                      aria-hidden="true"
                      class="fa-stack"
                    >
                      <i
                        class="fas fa-sort"
                      />
                    </span>
                  </button>
                </th>
                <th
                  aria-sort="none"
                  class="student-sort-by-email sortable-header"
                  style="text-align: start;"
                >
                  <button
                    class="d-lg-flex align-items-center gap-lg-1 d-inline"
                  >
                    <span
                      container="body"
                    >
                      Email
                    </span>
                    <span
                      aria-hidden="true"
                      class="fa-stack"
                    >
                      <i
                        class="fas fa-sort"
                      />
                    </span>
                  </button>
                </th>
                <th
                  aria-sort="none"
                  class="student-sort-by-deadline sortable-header"
                  style="text-align: start;"
                >
                  <button
                    class="d-lg-flex align-items-center gap-lg-1 d-inline"
                  >
                    <span
                      container="body"
                    >
                      Original Deadline
                    </span>
                    <span
                      aria-hidden="true"
                      class="fa-stack"
                    >
                      <i
                        class="fas fa-sort"
                      />
                    </span>
                  </button>
                </th>
              </tr>
            </thead>
            <tbody>
              <tr>
                <td>
                  Test Section 1
                </td>
                <td>
                  Test Section 1
                </td>
                <td>
                  Test Student 1
                </td>
                <td>
                  testStudent1@gmail.com
                </td>
                <td>
                  <span>
                    5 Apr 2000 2:00:00
                  </span>
                </td>
              </tr>
              <tr>
                <td>
                  Test Section 2
                </td>
                <td>
                  Test Section 2
                </td>
                <td>
                  Test Student 2
                </td>
                <td>
                  testStudent2@gmail.com
                </td>
                <td>
                  <span>
                    5 Apr 2000 2:00:00
                  </span>
                </td>
              </tr>
              <tr>
                <td>
                  Test Section 3
                </td>
                <td>
                  Test Section 3
                </td>
                <td>
                  Test Student 3
                </td>
                <td>
                  testStudent3@gmail.com
                </td>
                <td>
                  <span>
                    5 Apr 2000 2:00:00
                  </span>
                </td>
              </tr>
            </tbody>
          </table>
        </tm-sortable-table>
      </div>
      <div
        class="form-check"
      >
        <input
          class="form-check-input ng-untouched ng-pristine ng-valid"
          id="flexCheckChecked"
          type="checkbox"
        />
        <label
          class="form-check-label"
          for="flexCheckChecked"
        >
           Notify affected students and/or instructors by email about this extension 
        </label>
      </div>
    </div>
    <br />
    <div
      class="modal-footer py-1 px-3"
    >
      <button
        class="btn btn-light"
        type="button"
      >
        No, cancel the Operation
      </button>
      <button
        class="btn btn-success modal-btn-ok"
        type="button"
      >
        Confirm
      </button>
    </div>
  </fieldset>
</tm-extension-confirm-modal>
`;
